// Jest Snapshot v1, https://goo.gl/fbAQLP

exports[`definition should match expected schema 1`] = `
{
  "$schema": "http://json-schema.org/draft-07/schema#",
  "definitions": {
    "DefinitionRepo": {
      "properties": {
        "archived": {
          "type": "boolean",
        },
        "issues": {
          "type": "boolean",
        },
        "name": {
          "type": "string",
        },
        "previousNames": {
          "items": {
            "$ref": "#/definitions/DefinitionRepoPreviousName",
          },
          "type": "array",
        },
        "public": {
          "type": "boolean",
        },
        "responsible": {
          "description": "Some external-defined entity being responsible for the repository.

Will override the project-defined responsible.",
          "type": "string",
        },
        "snyk": {
          "type": "boolean",
        },
        "teams": {
          "items": {
            "$ref": "#/definitions/RepoTeam",
          },
          "type": "array",
        },
        "wiki": {
          "type": "boolean",
        },
      },
      "required": [
        "name",
      ],
      "type": "object",
    },
    "DefinitionRepoPreviousName": {
      "properties": {
        "name": {
          "type": "string",
        },
        "project": {
          "type": "string",
        },
      },
      "required": [
        "name",
        "project",
      ],
      "type": "object",
    },
    "Permission": {
      "enum": [
        "admin",
        "pull",
        "push",
      ],
      "type": "string",
    },
    "Project": {
      "properties": {
        "github": {
          "items": {
            "properties": {
              "organization": {
                "type": "string",
              },
              "repos": {
                "items": {
                  "$ref": "#/definitions/DefinitionRepo",
                },
                "type": "array",
              },
              "teams": {
                "items": {
                  "$ref": "#/definitions/RepoTeam",
                },
                "type": "array",
              },
            },
            "required": [
              "organization",
            ],
            "type": "object",
          },
          "type": "array",
        },
        "name": {
          "type": "string",
        },
        "responsible": {
          "description": "Some external-defined entity being responsible for the project.",
          "type": "string",
        },
        "tags": {
          "items": {
            "type": "string",
          },
          "type": "array",
        },
      },
      "required": [
        "github",
        "name",
      ],
      "type": "object",
    },
    "RepoTeam": {
      "properties": {
        "name": {
          "type": "string",
        },
        "permission": {
          "$ref": "#/definitions/Permission",
        },
      },
      "required": [
        "name",
        "permission",
      ],
      "type": "object",
    },
    "Team": {
      "properties": {
        "members": {
          "items": {
            "type": "string",
          },
          "type": "array",
        },
        "name": {
          "type": "string",
        },
      },
      "required": [
        "members",
        "name",
      ],
      "type": "object",
    },
    "User": {
      "anyOf": [
        {
          "$ref": "#/definitions/UserBot",
        },
        {
          "$ref": "#/definitions/UserEmployee",
        },
        {
          "$ref": "#/definitions/UserExternal",
        },
      ],
    },
    "UserBot": {
      "properties": {
        "login": {
          "type": "string",
        },
        "name": {
          "type": "string",
        },
        "type": {
          "enum": [
            "bot",
          ],
          "type": "string",
        },
      },
      "required": [
        "login",
        "name",
        "type",
      ],
      "type": "object",
    },
    "UserEmployee": {
      "properties": {
        "capraUsername": {
          "type": "string",
        },
        "login": {
          "type": "string",
        },
        "name": {
          "type": "string",
        },
        "type": {
          "enum": [
            "employee",
          ],
          "type": "string",
        },
      },
      "required": [
        "capraUsername",
        "login",
        "name",
        "type",
      ],
      "type": "object",
    },
    "UserExternal": {
      "properties": {
        "login": {
          "type": "string",
        },
        "name": {
          "type": "string",
        },
        "type": {
          "enum": [
            "external",
          ],
          "type": "string",
        },
      },
      "required": [
        "login",
        "name",
        "type",
      ],
      "type": "object",
    },
  },
  "properties": {
    "github": {
      "properties": {
        "teams": {
          "items": {
            "properties": {
              "organization": {
                "type": "string",
              },
              "teams": {
                "items": {
                  "$ref": "#/definitions/Team",
                },
                "type": "array",
              },
            },
            "required": [
              "organization",
              "teams",
            ],
            "type": "object",
          },
          "type": "array",
        },
        "users": {
          "items": {
            "$ref": "#/definitions/User",
          },
          "type": "array",
        },
      },
      "required": [
        "teams",
        "users",
      ],
      "type": "object",
    },
    "projects": {
      "items": {
        "$ref": "#/definitions/Project",
      },
      "type": "array",
    },
    "snyk": {
      "properties": {
        "accountId": {
          "type": "string",
        },
      },
      "required": [
        "accountId",
      ],
      "type": "object",
    },
  },
  "required": [
    "github",
    "projects",
  ],
  "type": "object",
}
`;
